D:\Dev\Java\web_serblets\src\main\java\com\Oberon1989\entites\maps\bijouterie.java
D:\Dev\Java\web_serblets\src\main\java\com\Oberon1989\entites\maps\parity.java
D:\Dev\Java\web_serblets\src\main\java\com\Oberon1989\entites\Player.java
D:\Dev\Java\web_serblets\src\main\java\com\Oberon1989\webSockConnections.java
D:\Dev\Java\web_serblets\src\main\java\com\Oberon1989\entites\maps\elfArchers.java
D:\Dev\Java\web_serblets\src\main\java\com\Oberon1989\entites\maps\bug.java
D:\Dev\Java\web_serblets\src\main\java\com\Oberon1989\entites\maps\spearMan.java
D:\Dev\Java\web_serblets\src\main\java\com\Oberon1989\util\GameUtil.java
D:\Dev\Java\web_serblets\src\main\java\com\Oberon1989\entites\playerTransfer.java
D:\Dev\Java\web_serblets\src\main\java\com\Oberon1989\GameState.java
D:\Dev\Java\web_serblets\src\main\java\com\Oberon1989\entites\maps\stealingTechnology.java
D:\Dev\Java\web_serblets\src\main\java\com\Oberon1989\gameLogic\Game.java
D:\Dev\Java\web_serblets\src\main\java\com\Oberon1989\entites\maps\Foundation.java
D:\Dev\Java\web_serblets\src\main\java\com\Oberon1989\MessageEncoder.java
D:\Dev\Java\web_serblets\src\main\java\com\Oberon1989\entites\maps\bigVein.java
D:\Dev\Java\web_serblets\src\main\java\com\Oberon1989\entites\maps\simpleCard.java
D:\Dev\Java\web_serblets\src\main\java\com\Oberon1989\entites\maps\swapWall.java
D:\Dev\Java\web_serblets\src\main\java\com\Oberon1989\entites\maps\unicorn.java
D:\Dev\Java\web_serblets\src\main\java\com\Oberon1989\entites\maps\groundWater.java
D:\Dev\Java\web_serblets\src\main\java\com\Oberon1989\entites\maps\acridCloud.java
D:\Dev\Java\web_serblets\src\main\java\com\Oberon1989\ServerEndPoint.java
D:\Dev\Java\web_serblets\src\main\java\com\Oberon1989\util\MessageForFinishGame.java
D:\Dev\Java\web_serblets\src\main\java\com\Oberon1989\entites\Map.java
D:\Dev\Java\web_serblets\src\main\java\com\Oberon1989\entites\maps\lightning.java
D:\Dev\Java\web_serblets\src\main\java\com\Oberon1989\entites\maps\barracks.java
D:\Dev\Java\web_serblets\src\main\java\com\Oberon1989\util\CardDeck.java
